Package: gotest
Fetcher: github
Source:  https://github.com/nlamirault/gotest.el.git

Updating /mnt/store/melpa/working/gotest/
Built gotest in 3.164s, finished at Sun Apr  4 16:40:41 2021
 ✓ Success:
 20K -rw-r--r-- 1 root root  19K Apr  4 16:40 packages/gotest-20210221.1905.el
4.0K -rw-r--r-- 1 root root  444 Apr  4 16:40 packages/gotest-20210221.1905.entry
4.0K -rw-r--r-- 1 root root 1.2K Apr  4 16:40 packages/gotest-badge.svg
   0 -rw-r--r-- 1 root root    0 Apr  4 16:40 packages/gotest-readme.txt
