Package: jest
Fetcher: github
Source:  https://github.com/Emiller88/emacs-jest.git

Updating /mnt/store/melpa/working/jest/
Built jest in 3.727s, finished at Sun Apr  4 16:48:12 2021
 ✓ Success:
 20K -rw-r--r-- 1 root root  18K Apr  4 16:48 packages/jest-20210219.1508.el
4.0K -rw-r--r-- 1 root root  509 Apr  4 16:48 packages/jest-20210219.1508.entry
4.0K -rw-r--r-- 1 root root 1.2K Apr  4 16:48 packages/jest-badge.svg
4.0K -rw-r--r-- 1 root root  601 Apr  4 16:48 packages/jest-readme.txt
 12K -rw-r--r-- 1 root root 8.7K Apr  4 16:48 packages/jest-test-mode-20210228.132.el
4.0K -rw-r--r-- 1 root root  362 Apr  4 16:48 packages/jest-test-mode-20210228.132.entry
4.0K -rw-r--r-- 1 root root 1.2K Apr  4 16:48 packages/jest-test-mode-badge.svg
4.0K -rw-r--r-- 1 root root  940 Apr  4 16:48 packages/jest-test-mode-readme.txt
4.0K -rw-r--r-- 1 root root  566 Apr  4 16:48 packages/jest-test-mode.log
