Package: pytest
Fetcher: github
Source:  https://github.com/ionrock/pytest-el.git

Updating /mnt/store/melpa/working/pytest/
Checking out origin/HEAD
Checking out 6934047242db79b1c53e9fe3e0734cc9719ed1c4
Built pytest in 5.459s, finished at 2021-10-22T16:14:50+0000
 ✓ Success:
 12K -rw-r--r-- 1 root root  12K Oct 22 16:14 packages/pytest-20200330.41.el
4.0K -rw-r--r-- 1 root root  246 Oct 22 16:14 packages/pytest-20200330.41.entry
4.0K -rw-r--r-- 1 root root 1.2K Oct 22 16:14 packages/pytest-badge.svg
4.0K -rw-r--r-- 1 root root  396 Oct 22 12:20 packages/pytest-pdb-break-20200804.848.entry
100K -rw-r--r-- 1 root root 100K Oct 22 12:20 packages/pytest-pdb-break-20200804.848.tar
4.0K -rw-r--r-- 1 root root 1.2K Oct 22 12:20 packages/pytest-pdb-break-badge.svg
4.0K -rw-r--r-- 1 root root  650 Oct 22 12:20 packages/pytest-pdb-break-readme.txt
4.0K -rw-r--r-- 1 root root  155 Oct 22 16:14 packages/pytest-pdb-break.log
4.0K -rw-r--r-- 1 root root 1.6K Oct 22 16:14 packages/pytest-readme.txt
